// Jest Snapshot v1, https://goo.gl/fbAQLP

exports[`<HomePage /> should render and match the snapshot 1`] = `
<article>
  <div>
    <section
      class="Section-sc-1eulrsm-0 CenteredSection-sc-6zy0wx-0 imGCbL"
    >
      <h2
        class="H2-egphza-0 HsCXl"
      >
        Add your favorite string
      </h2>
    </section>
    <section
      class="Section-sc-1eulrsm-0 CenteredSection-sc-6zy0wx-0 imGCbL"
    >
      <form
        class="Form-dmhz4x-0 ZClLh"
      >
        <label
          for="string"
        >
          String:
          <input
            class="Input-sc-19rkjmi-0 gyJaEd"
            id="string"
            type="text"
            value=""
          />
          <br />
          <button
            class="StyledButton-t20ntd-0 jEgJgl"
          >
            Add
          </button>
        </label>
      </form>
    </section>
  </div>
</article>
`;
